Loading db file '/home/mariagrazia.graziano/do/libnangate/NangateOpenCellLibrary_typical_ecsm.db'
Information: Propagating switching activity (low effort zero delay simulation). (PWR-6)
Warning: Design has unannotated primary inputs. (PWR-414)
Warning: Design has unannotated sequential cell outputs. (PWR-415)
 
****************************************
Report : power
        -analysis_effort low
Design : DLX_nbit32
Version: F-2011.09-SP3
Date   : Mon Jul 11 15:31:00 2022
****************************************


Library(s) Used:

    NangateOpenCellLibrary (File: /home/mariagrazia.graziano/do/libnangate/NangateOpenCellLibrary_typical_ecsm.db)


Operating Conditions: typical   Library: NangateOpenCellLibrary
Wire Load Model Mode: top

Design        Wire Load Model            Library
------------------------------------------------
DLX_nbit32             5K_hvratio_1_1    NangateOpenCellLibrary


Global Operating Voltage = 1.1  
Power-specific unit information :
    Voltage Units = 1V
    Capacitance Units = 1.000000ff
    Time Units = 1ns
    Dynamic Power Units = 1uW    (derived from V,C,T units)
    Leakage Power Units = 1nW


  Cell Internal Power  =   3.3634 mW   (87%)
  Net Switching Power  = 515.3128 uW   (13%)
                         ---------
Total Dynamic Power    =   3.8787 mW  (100%)

Cell Leakage Power     = 322.0686 uW


                 Internal         Switching           Leakage            Total
Power Group      Power            Power               Power              Power   (   %    )  Attrs
--------------------------------------------------------------------------------------------------
io_pad             0.0000            0.0000            0.0000            0.0000  (   0.00%)
memory             0.0000            0.0000            0.0000            0.0000  (   0.00%)
black_box          0.0000            0.0000            0.0000            0.0000  (   0.00%)
clock_network      0.0000            0.0000            0.0000            0.0000  (   0.00%)
register       2.9224e+03           79.7148        5.0636e+04        3.0527e+03  (  72.67%)
sequential       165.1465            0.3581        4.4746e+04          210.2507  (   5.01%)
combinational    275.8415          435.2383        2.2669e+05          937.7733  (  22.32%)
--------------------------------------------------------------------------------------------------
Total          3.3634e+03 uW       515.3112 uW     3.2207e+05 nW     4.2007e+03 uW
1
